2026-02-07 10:46:43 [[32minfo[39m]: Ô£à Scraping queue connected to Redis at localhost
2026-02-07 10:46:43 [[32minfo[39m]: Ô£à Notifications queue connected to Redis at localhost
  console.log
    Ô£à [Redis] Client Redis connect├® { composant: 'Redis', operation: 'connect' }

      at Logger.info (src/shared/logger.ts:51:13)

  console.log
    Ô£à [Redis] Client Redis pr├¬t { composant: 'Redis', operation: 'ready' }

      at Logger.info (src/shared/logger.ts:51:13)

  console.log
    Ô£à [APP] ­ƒôè Initializing Prometheus monitoring

      at Logger.info (src/shared/logger.ts:51:13)

  console.error
    {
      "niveau": "ERREUR",
      "timestamp": "2026-02-07T09:46:45.227Z",
      "message": "Erreur captur├®e par le gestionnaire global",
      "erreur": {
        "nom": "Error",
        "message": "No token provided",
        "stack": [
          "Error: No token provided",
          "    at requireAuth (C:\\Users\\rough\\Documents\\Workspace\\sentinelle-reputation\\api\\src\\shared\\middleware\\auth.middleware.ts:32:19)",
          "    at Layer.handle [as handle_request] (C:\\Users\\rough\\Documents\\Workspace\\sentinelle-reputation\\node_modules\\express\\lib\\router\\layer.js:95:5)"
        ]
      },
      "contexte": {
        "composant": "ErrorMiddleware",
        "operation": "errorHandler",
        "path": "/api/v1/sources",
        "method": "POST"
      },
      "environnement": "test"
    }

    [0m [90m 41 |[39m     }[33m;[39m
     [90m 42 |[39m     
    [31m[1m>[22m[39m[90m 43 |[39m     console[33m.[39merror([33mJSON[39m[33m.[39mstringify(logEntry[33m,[39m [36mnull[39m[33m,[39m [35m2[39m))[33m;[39m
     [90m    |[39m             [31m[1m^[22m[39m
     [90m 44 |[39m     [90m// TODO: Envoyer ├á Sentry/autre service de monitoring[39m
     [90m 45 |[39m   }
     [90m 46 |[39m[0m

      at Logger.error (src/shared/logger.ts:43:13)
      at errorHandler (src/shared/middleware/error.middleware.ts:17:10)
      at Layer.handle_error (../node_modules/express/lib/router/layer.js:71:5)
      at trim_prefix (../node_modules/express/lib/router/index.js:326:13)
      at ../node_modules/express/lib/router/index.js:286:9
      at router.process_params (../node_modules/express/lib/router/index.js:346:12)
      at next (../node_modules/express/lib/router/index.js:280:10)
      at Layer.handle_error (../node_modules/express/lib/router/layer.js:67:12)
      at trim_prefix (../node_modules/express/lib/router/index.js:326:13)
      at ../node_modules/express/lib/router/index.js:286:9
      at param (../node_modules/express/lib/router/index.js:365:14)
      at param (../node_modules/express/lib/router/index.js:376:14)
      at router.process_params (../node_modules/express/lib/router/index.js:421:3)
      at next (../node_modules/express/lib/router/index.js:280:10)
      at ../node_modules/express/lib/router/index.js:646:15
      at next (../node_modules/express/lib/router/index.js:265:14)
      at ../node_modules/express/lib/router/index.js:646:15
      at next (../node_modules/express/lib/router/index.js:265:14)
      at requireAuth (src/shared/middleware/auth.middleware.ts:61:20)
      at Layer.handle [as handle_request] (../node_modules/express/lib/router/layer.js:95:5)
      at trim_prefix (../node_modules/express/lib/router/index.js:328:13)
      at ../node_modules/express/lib/router/index.js:286:9
      at router.process_params (../node_modules/express/lib/router/index.js:346:12)
      at next (../node_modules/express/lib/router/index.js:280:10)
      at router.handle (../node_modules/express/lib/router/index.js:175:3)
      at router (../node_modules/express/lib/router/index.js:47:12)
      at Layer.handle [as handle_request] (../node_modules/express/lib/router/layer.js:95:5)
      at trim_prefix (../node_modules/express/lib/router/index.js:328:13)
      at ../node_modules/express/lib/router/index.js:286:9
      at router.process_params (../node_modules/express/lib/router/index.js:346:12)
      at next (../node_modules/express/lib/router/index.js:280:10)
      at router.handle (../node_modules/express/lib/router/index.js:175:3)
      at router (../node_modules/express/lib/router/index.js:47:12)
      at Layer.handle [as handle_request] (../node_modules/express/lib/router/layer.js:95:5)
      at trim_prefix (../node_modules/express/lib/router/index.js:328:13)
      at ../node_modules/express/lib/router/index.js:286:9
      at router.process_params (../node_modules/express/lib/router/index.js:346:12)
      at next (../node_modules/express/lib/router/index.js:280:10)
      at src/app.ts:79:5
      at Layer.handle [as handle_request] (../node_modules/express/lib/router/layer.js:95:5)
      at trim_prefix (../node_modules/express/lib/router/index.js:328:13)
      at ../node_modules/express/lib/router/index.js:286:9
      at router.process_params (../node_modules/express/lib/router/index.js:346:12)
      at next (../node_modules/express/lib/router/index.js:280:10)
      at cookieParser (../node_modules/cookie-parser/index.js:57:14)
      at Layer.handle [as handle_request] (../node_modules/express/lib/router/layer.js:95:5)
      at trim_prefix (../node_modules/express/lib/router/index.js:328:13)
      at ../node_modules/express/lib/router/index.js:286:9
      at router.process_params (../node_modules/express/lib/router/index.js:346:12)
      at next (../node_modules/express/lib/router/index.js:280:10)
      at urlencodedParser (../node_modules/express/node_modules/body-parser/lib/types/urlencoded.js:82:7)
      at Layer.handle [as handle_request] (../node_modules/express/lib/router/layer.js:95:5)
      at trim_prefix (../node_modules/express/lib/router/index.js:328:13)
      at ../node_modules/express/lib/router/index.js:286:9
      at router.process_params (../node_modules/express/lib/router/index.js:346:12)
      at next (../node_modules/express/lib/router/index.js:280:10)
      at ../node_modules/express/node_modules/body-parser/lib/read.js:137:5
      at invokeCallback (../node_modules/express/node_modules/raw-body/index.js:238:16)
      at done (../node_modules/express/node_modules/raw-body/index.js:227:7)
      at IncomingMessage.onEnd (../node_modules/express/node_modules/raw-body/index.js:287:7)

2026-02-07 10:46:45 [[32minfo[39m]: HTTP Request
{
  "method": "POST",
  "path": "/api/v1/sources",
  "statusCode": 401,
  "duration": "40ms",
  "ip": "::ffff:127.0.0.1"
}
  console.error
    {
      "niveau": "ERREUR",
      "timestamp": "2026-02-07T09:46:45.293Z",
      "message": "Erreur captur├®e par le gestionnaire global",
      "erreur": {
        "nom": "Error",
        "message": "No token provided",
        "stack": [
          "Error: No token provided",
          "    at requireAuth (C:\\Users\\rough\\Documents\\Workspace\\sentinelle-reputation\\api\\src\\shared\\middleware\\auth.middleware.ts:32:19)",
          "    at Layer.handle [as handle_request] (C:\\Users\\rough\\Documents\\Workspace\\sentinelle-reputation\\node_modules\\express\\lib\\router\\layer.js:95:5)"
        ]
      },
      "contexte": {
        "composant": "ErrorMiddleware",
        "operation": "errorHandler",
        "path": "/api/v1/sources",
        "method": "GET"
      },
      "environnement": "test"
    }

    [0m [90m 41 |[39m     }[33m;[39m
     [90m 42 |[39m     
    [31m[1m>[22m[39m[90m 43 |[39m     console[33m.[39merror([33mJSON[39m[33m.[39mstringify(logEntry[33m,[39m [36mnull[39m[33m,[39m [35m2[39m))[33m;[39m
     [90m    |[39m             [31m[1m^[22m[39m
     [90m 44 |[39m     [90m// TODO: Envoyer ├á Sentry/autre service de monitoring[39m
     [90m 45 |[39m   }
     [90m 46 |[39m[0m

      at Logger.error (src/shared/logger.ts:43:13)
      at errorHandler (src/shared/middleware/error.middleware.ts:17:10)
      at Layer.handle_error (../node_modules/express/lib/router/layer.js:71:5)
      at trim_prefix (../node_modules/express/lib/router/index.js:326:13)
      at ../node_modules/express/lib/router/index.js:286:9
      at router.process_params (../node_modules/express/lib/router/index.js:346:12)
      at next (../node_modules/express/lib/router/index.js:280:10)
      at Layer.handle_error (../node_modules/express/lib/router/layer.js:67:12)
      at trim_prefix (../node_modules/express/lib/router/index.js:326:13)
      at ../node_modules/express/lib/router/index.js:286:9
      at param (../node_modules/express/lib/router/index.js:365:14)
      at param (../node_modules/express/lib/router/index.js:376:14)
      at router.process_params (../node_modules/express/lib/router/index.js:421:3)
      at next (../node_modules/express/lib/router/index.js:280:10)
      at ../node_modules/express/lib/router/index.js:646:15
      at next (../node_modules/express/lib/router/index.js:265:14)
      at ../node_modules/express/lib/router/index.js:646:15
      at next (../node_modules/express/lib/router/index.js:265:14)
      at requireAuth (src/shared/middleware/auth.middleware.ts:61:20)
      at Layer.handle [as handle_request] (../node_modules/express/lib/router/layer.js:95:5)
      at trim_prefix (../node_modules/express/lib/router/index.js:328:13)
      at ../node_modules/express/lib/router/index.js:286:9
      at router.process_params (../node_modules/express/lib/router/index.js:346:12)
      at next (../node_modules/express/lib/router/index.js:280:10)
      at router.handle (../node_modules/express/lib/router/index.js:175:3)
      at router (../node_modules/express/lib/router/index.js:47:12)
      at Layer.handle [as handle_request] (../node_modules/express/lib/router/layer.js:95:5)
      at trim_prefix (../node_modules/express/lib/router/index.js:328:13)
      at ../node_modules/express/lib/router/index.js:286:9
      at router.process_params (../node_modules/express/lib/router/index.js:346:12)
      at next (../node_modules/express/lib/router/index.js:280:10)
      at router.handle (../node_modules/express/lib/router/index.js:175:3)
      at router (../node_modules/express/lib/router/index.js:47:12)
      at Layer.handle [as handle_request] (../node_modules/express/lib/router/layer.js:95:5)
      at trim_prefix (../node_modules/express/lib/router/index.js:328:13)
      at ../node_modules/express/lib/router/index.js:286:9
      at router.process_params (../node_modules/express/lib/router/index.js:346:12)
      at next (../node_modules/express/lib/router/index.js:280:10)
      at src/app.ts:79:5
      at Layer.handle [as handle_request] (../node_modules/express/lib/router/layer.js:95:5)
      at trim_prefix (../node_modules/express/lib/router/index.js:328:13)
      at ../node_modules/express/lib/router/index.js:286:9
      at router.process_params (../node_modules/express/lib/router/index.js:346:12)
      at next (../node_modules/express/lib/router/index.js:280:10)
      at cookieParser (../node_modules/cookie-parser/index.js:57:14)
      at Layer.handle [as handle_request] (../node_modules/express/lib/router/layer.js:95:5)
      at trim_prefix (../node_modules/express/lib/router/index.js:328:13)
      at ../node_modules/express/lib/router/index.js:286:9
      at router.process_params (../node_modules/express/lib/router/index.js:346:12)
      at next (../node_modules/express/lib/router/index.js:280:10)
      at urlencodedParser (../node_modules/express/node_modules/body-parser/lib/types/urlencoded.js:91:7)
      at Layer.handle [as handle_request] (../node_modules/express/lib/router/layer.js:95:5)
      at trim_prefix (../node_modules/express/lib/router/index.js:328:13)
      at ../node_modules/express/lib/router/index.js:286:9
      at router.process_params (../node_modules/express/lib/router/index.js:346:12)
      at next (../node_modules/express/lib/router/index.js:280:10)
      at jsonParser (../node_modules/express/node_modules/body-parser/lib/types/json.js:113:7)
      at Layer.handle [as handle_request] (../node_modules/express/lib/router/layer.js:95:5)
      at trim_prefix (../node_modules/express/lib/router/index.js:328:13)
      at ../node_modules/express/lib/router/index.js:286:9
      at router.process_params (../node_modules/express/lib/router/index.js:346:12)
      at next (../node_modules/express/lib/router/index.js:280:10)
      at ../node_modules/express-rate-limit/dist/index.cjs:807:7
      at ../node_modules/express-rate-limit/dist/index.cjs:691:5

2026-02-07 10:46:45 [[32minfo[39m]: HTTP Request
{
  "method": "GET",
  "path": "/api/v1/sources",
  "statusCode": 401,
  "duration": "18ms",
  "ip": "::ffff:127.0.0.1"
}
node.exe : FAIL src/__tests__/integration/sources.test.ts (13.635 s)
Au caractère Ligne:1 : 1
+ & "C:\Program Files\nodejs/node.exe" "C:\Users\rough\AppData\Roaming\ ...
+ ~~~~~~~~~~~~~~~~~~~~~~~~~~~~~~~~~~~~~~~~~~~~~~~~~~~~~~~~~~~~~~~~~~~~~
    + CategoryInfo          : NotSpecified: (FAIL src/__test...t.ts (13.635 s):String) [], RemoteException
    + FullyQualifiedErrorId : NativeCommandError
 
  Sources Integration Tests
    ÔêÜ should create a new source (106 ms)
    ├ù should list sources for an organization (36 ms)

  ÔùÅ Sources Integration Tests ÔÇ║ should list sources for an organization

    expect(received).toBe(expected) // Object.is equality

    Expected: 200
    Received: 401

    [0m [90m 86 |[39m             [33m.[39m[36mget[39m([32m'/api/v1/sources'[39m)[33m;[39m
     [90m 87 |[39m
    [31m[1m>[22m[39m[90m 88 |[39m         expect(res[33m.[39mstatus)[33m.[39mtoBe([35m200[39m)[33m;[39m
     [90m    |[39m                            [31m[1m^[22m[39m
     [90m 89 |[39m         expect(res[33m.[39mbody)[33m.[39mtoHaveProperty([32m'data'[39m)[33m;[39m
     [90m 90 |[39m         expect(res[33m.[39mbody)[33m.[39mtoHaveProperty([32m'pagination'[39m)[33m;[39m
     [90m 91 |[39m     })[33m;[39m[0m

      at Object.<anonymous> (src/__tests__/integration/sources.test.ts:88:28)

Test Suites: 1 failed, 1 total
Tests:       1 failed, 1 passed, 2 total
Snapshots:   0 total
Time:        13.838 s, estimated 31 s
Ran all test suites matching src/__tests__/integration/sources.test.ts.
Jest did not exit one second after the test run has completed.

'This usually means that there are asynchronous operations that weren't stopped in your tests. Consider running Jest 
with `--detectOpenHandles` to troubleshoot this issue.
